// Jest Snapshot v1, https://goo.gl/fbAQLP

exports[`App component should render App component by default 1`] = `
<div
  className="root"
>
  <h1
    className="title"
  >
    Welcome to movies app!!!
  </h1>
  <FunctionComponentExample />
  <ClassComponentExample />
  <PureComponentExample />
  <CreateElementExample />
</div>
`;
